Archive member included because of file (symbol)

d:/programme/atmel/atmel toolchain/avr8 gcc/native/3.4.1056/avr8-gnu-toolchain/bin/../lib/gcc/avr/4.8.1/../../../../avr/lib/avr5\libm.a(addsf3.o)
                              util.o (__subsf3)
d:/programme/atmel/atmel toolchain/avr8 gcc/native/3.4.1056/avr8-gnu-toolchain/bin/../lib/gcc/avr/4.8.1/../../../../avr/lib/avr5\libm.a(addsf3x.o)
                              d:/programme/atmel/atmel toolchain/avr8 gcc/native/3.4.1056/avr8-gnu-toolchain/bin/../lib/gcc/avr/4.8.1/../../../../avr/lib/avr5\libm.a(addsf3.o) (__addsf3x)
d:/programme/atmel/atmel toolchain/avr8 gcc/native/3.4.1056/avr8-gnu-toolchain/bin/../lib/gcc/avr/4.8.1/../../../../avr/lib/avr5\libm.a(cmpsf2.o)
                              util.o (__ltsf2)
d:/programme/atmel/atmel toolchain/avr8 gcc/native/3.4.1056/avr8-gnu-toolchain/bin/../lib/gcc/avr/4.8.1/../../../../avr/lib/avr5\libm.a(divsf3.o)
                              util.o (__divsf3)
d:/programme/atmel/atmel toolchain/avr8 gcc/native/3.4.1056/avr8-gnu-toolchain/bin/../lib/gcc/avr/4.8.1/../../../../avr/lib/avr5\libm.a(divsf3x.o)
                              d:/programme/atmel/atmel toolchain/avr8 gcc/native/3.4.1056/avr8-gnu-toolchain/bin/../lib/gcc/avr/4.8.1/../../../../avr/lib/avr5\libm.a(divsf3.o) (__divsf3x)
d:/programme/atmel/atmel toolchain/avr8 gcc/native/3.4.1056/avr8-gnu-toolchain/bin/../lib/gcc/avr/4.8.1/../../../../avr/lib/avr5\libm.a(fixunssfsi.o)
                              util.o (__fixunssfsi)
d:/programme/atmel/atmel toolchain/avr8 gcc/native/3.4.1056/avr8-gnu-toolchain/bin/../lib/gcc/avr/4.8.1/../../../../avr/lib/avr5\libm.a(floatsisf.o)
                              util.o (__floatunsisf)
d:/programme/atmel/atmel toolchain/avr8 gcc/native/3.4.1056/avr8-gnu-toolchain/bin/../lib/gcc/avr/4.8.1/../../../../avr/lib/avr5\libm.a(fp_cmp.o)
                              d:/programme/atmel/atmel toolchain/avr8 gcc/native/3.4.1056/avr8-gnu-toolchain/bin/../lib/gcc/avr/4.8.1/../../../../avr/lib/avr5\libm.a(cmpsf2.o) (__fp_cmp)
d:/programme/atmel/atmel toolchain/avr8 gcc/native/3.4.1056/avr8-gnu-toolchain/bin/../lib/gcc/avr/4.8.1/../../../../avr/lib/avr5\libm.a(fp_inf.o)
                              d:/programme/atmel/atmel toolchain/avr8 gcc/native/3.4.1056/avr8-gnu-toolchain/bin/../lib/gcc/avr/4.8.1/../../../../avr/lib/avr5\libm.a(addsf3x.o) (__fp_inf)
d:/programme/atmel/atmel toolchain/avr8 gcc/native/3.4.1056/avr8-gnu-toolchain/bin/../lib/gcc/avr/4.8.1/../../../../avr/lib/avr5\libm.a(fp_nan.o)
                              d:/programme/atmel/atmel toolchain/avr8 gcc/native/3.4.1056/avr8-gnu-toolchain/bin/../lib/gcc/avr/4.8.1/../../../../avr/lib/avr5\libm.a(addsf3x.o) (__fp_nan)
d:/programme/atmel/atmel toolchain/avr8 gcc/native/3.4.1056/avr8-gnu-toolchain/bin/../lib/gcc/avr/4.8.1/../../../../avr/lib/avr5\libm.a(fp_pscA.o)
                              d:/programme/atmel/atmel toolchain/avr8 gcc/native/3.4.1056/avr8-gnu-toolchain/bin/../lib/gcc/avr/4.8.1/../../../../avr/lib/avr5\libm.a(addsf3x.o) (__fp_pscA)
d:/programme/atmel/atmel toolchain/avr8 gcc/native/3.4.1056/avr8-gnu-toolchain/bin/../lib/gcc/avr/4.8.1/../../../../avr/lib/avr5\libm.a(fp_pscB.o)
                              d:/programme/atmel/atmel toolchain/avr8 gcc/native/3.4.1056/avr8-gnu-toolchain/bin/../lib/gcc/avr/4.8.1/../../../../avr/lib/avr5\libm.a(addsf3x.o) (__fp_pscB)
d:/programme/atmel/atmel toolchain/avr8 gcc/native/3.4.1056/avr8-gnu-toolchain/bin/../lib/gcc/avr/4.8.1/../../../../avr/lib/avr5\libm.a(fp_round.o)
                              d:/programme/atmel/atmel toolchain/avr8 gcc/native/3.4.1056/avr8-gnu-toolchain/bin/../lib/gcc/avr/4.8.1/../../../../avr/lib/avr5\libm.a(addsf3.o) (__fp_round)
d:/programme/atmel/atmel toolchain/avr8 gcc/native/3.4.1056/avr8-gnu-toolchain/bin/../lib/gcc/avr/4.8.1/../../../../avr/lib/avr5\libm.a(fp_split3.o)
                              d:/programme/atmel/atmel toolchain/avr8 gcc/native/3.4.1056/avr8-gnu-toolchain/bin/../lib/gcc/avr/4.8.1/../../../../avr/lib/avr5\libm.a(addsf3x.o) (__fp_split3)
d:/programme/atmel/atmel toolchain/avr8 gcc/native/3.4.1056/avr8-gnu-toolchain/bin/../lib/gcc/avr/4.8.1/../../../../avr/lib/avr5\libm.a(fp_zero.o)
                              d:/programme/atmel/atmel toolchain/avr8 gcc/native/3.4.1056/avr8-gnu-toolchain/bin/../lib/gcc/avr/4.8.1/../../../../avr/lib/avr5\libm.a(addsf3x.o) (__fp_zero)
d:/programme/atmel/atmel toolchain/avr8 gcc/native/3.4.1056/avr8-gnu-toolchain/bin/../lib/gcc/avr/4.8.1/../../../../avr/lib/avr5\libm.a(gesf2.o)
                              util.o (__gesf2)
d:/programme/atmel/atmel toolchain/avr8 gcc/native/3.4.1056/avr8-gnu-toolchain/bin/../lib/gcc/avr/4.8.1/../../../../avr/lib/avr5\libm.a(mulsf3.o)
                              util.o (__mulsf3)
d:/programme/atmel/atmel toolchain/avr8 gcc/native/3.4.1056/avr8-gnu-toolchain/bin/../lib/gcc/avr/4.8.1/../../../../avr/lib/avr5\libm.a(mulsf3x.o)
[...]
Memory Configuration

Name             Origin             Length             Attributes
text             0x00000000         0x00020000         xr
data             0x00800060         0x0000ffa0         rw !x
eeprom           0x00810000         0x00010000         rw !x
fuse             0x00820000         0x00000400         rw !x
lock             0x00830000         0x00000400         rw !x
signature        0x00840000         0x00000400         rw !x
user_signatures  0x00850000         0x00000400         rw !x
*default*        0x00000000         0xffffffff

Linker script and memory map

Address of section .data set to 0x800100
LOAD d:/programme/atmel/atmel toolchain/avr8 gcc/native/3.4.1056/avr8-gnu-toolchain/bin/../lib/gcc/avr/4.8.1/../../../../avr/lib/avr5/crtm328.o
LOAD request_buffer.o
LOAD rfm12.o
LOAD shc_basestation.o
LOAD uart.o
LOAD util.o
START GROUP
LOAD d:/programme/atmel/atmel toolchain/avr8 gcc/native/3.4.1056/avr8-gnu-toolchain/bin/../lib/gcc/avr/4.8.1/../../../../avr/lib/avr5\libm.a
LOAD ../../src_common/Release\libcrypto.a
END GROUP
START GROUP
LOAD d:/programme/atmel/atmel toolchain/avr8 gcc/native/3.4.1056/avr8-gnu-toolchain/bin/../lib/gcc/avr/4.8.1/avr5\libgcc.a
LOAD d:/programme/atmel/atmel toolchain/avr8 gcc/native/3.4.1056/avr8-gnu-toolchain/bin/../lib/gcc/avr/4.8.1/../../../../avr/lib/avr5\libm.a
LOAD d:/programme/atmel/atmel toolchain/avr8 gcc/native/3.4.1056/avr8-gnu-toolchain/bin/../lib/gcc/avr/4.8.1/../../../../avr/lib/avr5\libc.a
END GROUP

.hash
 *(.hash)

.dynsym
 *(.dynsym)

.dynstr
 *(.dynstr)

.gnu.version
 *(.gnu.version)

.gnu.version_d
 *(.gnu.version_d)

.gnu.version_r
 *(.gnu.version_r)

.rel.init
 *(.rel.init)

.rela.init
 *(.rela.init)

.rel.text
 *(.rel.text)
 *(.rel.text.*)
 *(.rel.gnu.linkonce.t*)

.rela.text
 *(.rela.text)
 *(.rela.text.*)
 *(.rela.gnu.linkonce.t*)

.rel.fini
 *(.rel.fini)

.rela.fini
 *(.rela.fini)

.rel.rodata
 *(.rel.rodata)
 *(.rel.rodata.*)
 *(.rel.gnu.linkonce.r*)

.rela.rodata
 *(.rela.rodata)
 *(.rela.rodata.*)
 *(.rela.gnu.linkonce.r*)

.rel.data
 *(.rel.data)
 *(.rel.data.*)
 *(.rel.gnu.linkonce.d*)

.rela.data
 *(.rela.data)
 *(.rela.data.*)
 *(.rela.gnu.linkonce.d*)

.rel.ctors
 *(.rel.ctors)

.rela.ctors
 *(.rela.ctors)

.rel.dtors
 *(.rel.dtors)

.rela.dtors
 *(.rela.dtors)

.rel.got
 *(.rel.got)

.rela.got
 *(.rela.got)

.rel.bss
 *(.rel.bss)

.rela.bss
 *(.rela.bss)

.rel.plt
 *(.rel.plt)

.rela.plt
 *(.rela.plt)

.text           0x00000000     0x52a4
 *(.vectors)
 .vectors       0x00000000       0x68 d:/programme/atmel/atmel toolchain/avr8 gcc/native/3.4.1056/avr8-gnu-toolchain/bin/../lib/gcc/avr/4.8.1/../../../../avr/lib/avr5/crtm328.o
                0x00000000                __vector_default
                0x00000000                __vectors
 *(.vectors)
 *(.progmem.gcc*)
                0x00000068                . = ALIGN (0x2)
                0x00000068                __trampolines_start = .
 *(.trampolines)
 .trampolines   0x00000068        0x0 linker stubs
 *(.trampolines*)
                0x00000068                __trampolines_end = .
 *(.progmem*)
 .progmem.data.__c.2629
                0x00000068       0x55 request_buffer.o
 .progmem.data.__c.2624
                0x000000bd       0x4f request_buffer.o
 .progmem.data.__c.2622
                0x0000010c       0x21 request_buffer.o
 .progmem.data.__c.2617
                0x0000012d       0x30 request_buffer.o
 .progmem.data.__c.2612
                0x0000015d       0x2f request_buffer.o
 .progmem.data.__c.2592
                0x0000018c        0x3 request_buffer.o
 .progmem.data.__c.2590
                0x0000018f       0x14 request_buffer.o
 .progmem.data.__c.2585
                0x000001a3        0x3 request_buffer.o
 .progmem.data.__c.2580
                0x000001a6        0x4 request_buffer.o
 .progmem.data.__c.2578
                0x000001aa        0x3 request_buffer.o
 .progmem.data.__c.2576
                0x000001ad       0x1c request_buffer.o
 .progmem.data.__c.2574
                0x000001c9       0x13 request_buffer.o
 .progmem.data.__c.2569
                0x000001dc        0x3 request_buffer.o
 .progmem.data.__c.2564
                0x000001df        0x6 request_buffer.o
 .progmem.data.__c.2562
                0x000001e5       0x3e request_buffer.o
 .progmem.data.__c.2560
                0x00000223       0x14 request_buffer.o
 .progmem.data.__c.3019
                0x00000237       0x30 shc_basestation.o
 .progmem.data.__c.3017
                0x00000267       0x15 shc_basestation.o
 .progmem.data.__c.3014
                0x0000027c       0x38 shc_basestation.o
 .progmem.data.__c.3012
                0x000002b4       0x2c shc_basestation.o
 .progmem.data.__c.3010
                0x000002e0       0x31 shc_basestation.o
 .progmem.data.__c.3007
                0x00000311       0x2c shc_basestation.o
 .progmem.data.__c.2988
                0x0000033d        0x3 shc_basestation.o
 .progmem.data.__c.2986
                0x00000340       0x30 shc_basestation.o
 .progmem.data.__c.2981
                0x00000370       0x18 shc_basestation.o
 .progmem.data.__c.2978
                0x00000388       0x31 shc_basestation.o
 .progmem.data.__c.2975
                0x000003b9       0x31 shc_basestation.o
 .progmem.data.__c.2973
                0x000003ea       0x14 shc_basestation.o
 .progmem.data.__c.2971
                0x000003fe       0x16 shc_basestation.o
 .progmem.data.__c.2969
                0x00000414       0x10 shc_basestation.o
 .progmem.data.__c.2967
                0x00000424       0x32 shc_basestation.o
 .progmem.data.__c.2965
                0x00000456       0x2e shc_basestation.o
 .progmem.data.__c.2963
                0x00000484        0x3 shc_basestation.o
 .progmem.data.__c.2951
                0x00000487        0x3 shc_basestation.o
 .progmem.data.__c.2946
                0x0000048a        0xf shc_basestation.o
 .progmem.data.__c.2944
                0x00000499        0x7 shc_basestation.o
 .progmem.data.__c.2939
                0x000004a0        0x2 shc_basestation.o
 .progmem.data.__c.2937
                0x000004a2       0x1a shc_basestation.o
 .progmem.data.__c.2934
                0x000004bc        0x2 shc_basestation.o
 .progmem.data.__c.2932
                0x000004be       0x1c shc_basestation.o
 .progmem.data.__c.2928
                0x000004da        0x2 shc_basestation.o
 .progmem.data.__c.2926
                0x000004dc        0xd shc_basestation.o
 .progmem.data.__c.2920
                0x000004e9        0xf shc_basestation.o
 .progmem.data.__c.2916
                0x000004f8        0xc shc_basestation.o
 .progmem.data.__c.2914
                0x00000504        0xa shc_basestation.o
 .progmem.data.__c.2912
                0x0000050e        0xa shc_basestation.o
 .progmem.data.__c.2910
                0x00000518        0xa shc_basestation.o
 .progmem.data.__c.2906
                0x00000522        0x2 shc_basestation.o
 .progmem.data.__c.2901
                0x00000524        0x5 shc_basestation.o
 .progmem.data.__c.2899
                0x00000529        0xd shc_basestation.o
 .progmem.data.__c.2895
                0x00000536        0xe shc_basestation.o
 .progmem.data.__c.2893
                0x00000544       0x13 shc_basestation.o
 .progmem.data.__c.2891
                0x00000557        0xa shc_basestation.o
 .progmem.data.__c.2889
                0x00000561       0x16 shc_basestation.o
 .progmem.data.__c.2887
                0x00000577       0x10 shc_basestation.o
 .progmem.data.__c.2882
                0x00000587        0xf shc_basestation.o
 .progmem.data.__c.2879
                0x00000596       0x10 shc_basestation.o
 .progmem.data.__c.2877
                0x000005a6       0x13 shc_basestation.o
 .progmem.data.__c.2875
                0x000005b9       0x1a shc_basestation.o
 .progmem.data.__c.2429
                0x000005d3       0x2f uart.o
 .progmem.data.__c.2427
                0x00000602       0x6b uart.o
 .progmem.data.__c.2425
                0x0000066d       0x42 uart.o
 .progmem.data.__c.2423
                0x000006af       0x3a uart.o
 .progmem.data.__c.2421
                0x000006e9       0x2d uart.o
 .progmem.data.__c.2419
                0x00000716       0x2c uart.o
 .progmem.data.__c.2417
                0x00000742       0x26 uart.o
 .progmem.data.__c.2415
                0x00000768       0x20 uart.o
 .progmem.data.__c.2413
                0x00000788       0x23 uart.o
 .progmem.data.__c.2411
                0x000007ab       0x23 uart.o
 .progmem.data.__c.2409
                0x000007ce       0x20 uart.o
 .progmem.data.__c.2407
                0x000007ee       0x20 uart.o
 .progmem.data.__c.2405
                0x0000080e       0x5f uart.o
 .progmem.data.__c.2403
                0x0000086d       0x52 uart.o
 .progmem.data.__c.2401
                0x000008bf       0x4c uart.o
 .progmem.data.__c.2399
                0x0000090b       0x52 uart.o
 .progmem.data.__c.2397
                0x0000095d       0x4c uart.o
 .progmem.data.__c.2395
                0x000009a9       0x4e uart.o
 .progmem.data.__c.2393
                0x000009f7       0x2b uart.o
 .progmem.data.__c.2391
                0x00000a22       0x2a uart.o
 .progmem.data.__c.2389
                0x00000a4c       0x40 uart.o
 .progmem.data.__c.2387
                0x00000a8c       0x2f uart.o
 .progmem.data.__c.2385
                0x00000abb       0x1b uart.o
 .progmem.data.__c.2383
                0x00000ad6        0xf uart.o
 .progmem.data.__c.2381
                0x00000ae5       0x38 uart.o
 .progmem.data.__c.2379
                0x00000b1d       0x49 uart.o
 .progmem.data.__c.2373
                0x00000b66       0x13 uart.o
 .progmem.data.__c.2371
                0x00000b79       0x29 uart.o
 .progmem.data.__c.2367
                0x00000ba2       0x37 uart.o
 .progmem.data.__c.2365
                0x00000bd9       0x28 uart.o
 .progmem.data.__c.2361
                0x00000c01        0x3 uart.o
 .progmem.data.__c.2356
                0x00000c04        0x3 uart.o
 .progmem.data.__c.2351
                0x00000c07        0x6 uart.o
 .progmem.data.__c.2344
                0x00000c0d        0x8 uart.o
 .progmem.data.__c.2342
                0x00000c15        0x2 uart.o
 .progmem.data.__c.2684
                0x00000c17       0x14 util.o
 .progmem.data.__c.2681
                0x00000c2b       0x14 util.o
                0x00000c40                . = ALIGN (0x2)
 *fill*         0x00000c3f        0x1 
 *(.jumptables)
 *(.jumptables*)
 *(.lowtext)
 *(.lowtext*)
                0x00000c40                __ctors_start = .
 *(.ctors)
                0x00000c40                __ctors_end = .
                0x00000c40                __dtors_start = .
 *(.dtors)
                0x00000c40                __dtors_end = .
 SORT(*)(.ctors)
 SORT(*)(.dtors)
 *(.init0)
 .init0         0x00000c40        0x0 d:/programme/atmel/atmel toolchain/avr8 gcc/native/3.4.1056/avr8-gnu-toolchain/bin/../lib/gcc/avr/4.8.1/../../../../avr/lib/avr5/crtm328.o
                0x00000c40                __init
 *(.init0)
 *(.init1)
 *(.init1)
 *(.init2)
 .init2         0x00000c40        0xc d:/programme/atmel/atmel toolchain/avr8 gcc/native/3.4.1056/avr8-gnu-toolchain/bin/../lib/gcc/avr/4.8.1/../../../../avr/lib/avr5/crtm328.o
 *(.init2)
 *(.init3)
 *(.init3)
 *(.init4)
 .init4         0x00000c4c       0x16 d:/programme/atmel/atmel toolchain/avr8 gcc/native/3.4.1056/avr8-gnu-toolchain/bin/../lib/gcc/avr/4.8.1/avr5\libgcc.a(_copy_data.o)
                0x00000c4c                __do_copy_data
 .init4         0x00000c62       0x10 d:/programme/atmel/atmel toolchain/avr8 gcc/native/3.4.1056/avr8-gnu-toolchain/bin/../lib/gcc/avr/4.8.1/avr5\libgcc.a(_clear_bss.o)
                0x00000c62                __do_clear_bss
 *(.init4)
 *(.init5)
 *(.init5)
 *(.init6)
 *(.init6)
 *(.init7)
 *(.init7)
 *(.init8)
 *(.init8)
 *(.init9)
 .init9         0x00000c72        0x8 d:/programme/atmel/atmel toolchain/avr8 gcc/native/3.4.1056/avr8-gnu-toolchain/bin/../lib/gcc/avr/4.8.1/../../../../avr/lib/avr5/crtm328.o
 *(.init9)
 *(.text)
 .text          0x00000c7a        0x2 d:/programme/atmel/atmel toolchain/avr8 gcc/native/3.4.1056/avr8-gnu-toolchain/bin/../lib/gcc/avr/4.8.1/../../../../avr/lib/avr5/crtm328.o
                0x00000c7a                __vector_22
                0x00000c7a                __vector_24
                0x00000c7a                __vector_12
                0x00000c7a                __bad_interrupt
                0x00000c7a                __vector_6
                0x00000c7a                __vector_3
                0x00000c7a                __vector_23
                0x00000c7a                __vector_25
                0x00000c7a                __vector_11
                0x00000c7a                __vector_13
                0x00000c7a                __vector_17
                0x00000c7a                __vector_19
                0x00000c7a                __vector_7
                0x00000c7a                __vector_5
                0x00000c7a                __vector_4
                0x00000c7a                __vector_9
                0x00000c7a                __vector_2
                0x00000c7a                __vector_15
                0x00000c7a                __vector_8
                0x00000c7a                __vector_14
                0x00000c7a                __vector_10
                0x00000c7a                __vector_16
                0x00000c7a                __vector_20
 *fill*         0x00000c7c       0x84 
 .text          0x00000d00      0x500 ../../src_common/Release\libcrypto.a(aes_dec-asm_faster.o)
                0x00000d00                aes256_dec
                0x00000d04                aes192_dec
                0x00000d08                aes128_dec
                0x00000d0a                aes_decrypt_core
 .text          0x00001200      0x226 ../../src_common/Release\libcrypto.a(aes_enc-asm.o)
                0x00001200                aes256_enc
                0x00001204                aes192_enc
                0x00001208                aes128_enc
                0x0000120a                aes_encrypt_core
 *fill*         0x00001426       0xda 
 .text          0x00001500      0x100 ../../src_common/Release\libcrypto.a(aes_invsbox-asm.o)
                0x00001500                aes_invsbox
 .text          0x00001600       0xee ../../src_common/Release\libcrypto.a(aes_keyschedule-asm.o)
                0x00001600                aes256_init
                0x00001608                aes192_init
                0x00001610                aes128_init
                0x00001616                aes_init
 *fill*         0x000016ee       0x12 
 .text          0x00001700      0x100 ../../src_common/Release\libcrypto.a(aes_sbox-asm.o)
                0x00001700                aes_sbox
                0x00001800                . = ALIGN (0x2)
 *(.text.*)
 .text.request_queue_init
                0x00001800       0x3e request_buffer.o
                0x00001800                request_queue_init
 .text.queue_request
                0x0000183e      0x114 request_buffer.o
                0x0000183e                queue_request
 .text.print_request_queue
                0x00001952      0x2a2 request_buffer.o
                0x00001952                print_request_queue
 .text.find_request_to_repeat
                0x00001bf4      0x1cc request_buffer.o
                0x00001bf4                find_request_to_repeat
 .text.remove_request
                0x00001dc0      0x270 request_buffer.o
                0x00001dc0                remove_request
 .text.rfm12_data
                0x00002030       0x16 rfm12.o
                0x00002030                rfm12_data
 .text.rfm12_read
                0x00002046       0x26 rfm12.o
                0x00002046                rfm12_read
 .text.rfm12_read_int_flags_inline
                0x0000206c       0x10 rfm12.o
                0x0000206c                rfm12_read_int_flags_inline
 .text.rfm12_data_inline
                0x0000207c       0x16 rfm12.o
                0x0000207c                rfm12_data_inline
 .text.rfm12_read_fifo_inline
                0x00002092       0x1a rfm12.o
                0x00002092                rfm12_read_fifo_inline
 .text.spi_init
                0x000020ac        0xe rfm12.o
                0x000020ac                spi_init
 .text.__vector_1
                0x000020ba      0x14c rfm12.o
                0x000020ba                __vector_1
 .text.rfm12_tick
                0x00002206       0x6c rfm12.o
                0x00002206                rfm12_tick
 .text.rfm12_start_tx
                0x00002272       0x26 rfm12.o
                0x00002272                rfm12_start_tx
 .text.rfm12_tx
                0x00002298       0x36 rfm12.o
                0x00002298                rfm12_tx
 .text.rfm12_rx_clear
                0x000022ce       0x30 rfm12.o
                0x000022ce                rfm12_rx_clear
 .text.rfm12_init
                0x000022fe       0x90 rfm12.o
                0x000022fe                rfm12_init
 .text.pkg_headerext_common_get_receiverid
                0x0000238e       0xd4 shc_basestation.o
 .text.pkg_headerext_common_set_messagegroupid
                0x00002462       0x92 shc_basestation.o
 .text.pkg_headerext_common_set_messageid
                0x000024f4       0x92 shc_basestation.o
 .text.pkg_header_adjust_offset
                0x00002586       0xa2 shc_basestation.o
 .text.decode_data
                0x00002628      0xba2 shc_basestation.o
                0x00002628                decode_data
 .text.send_packet
                0x000031ca       0xa6 shc_basestation.o
                0x000031ca                send_packet
 .text.main     0x00003270      0x790 shc_basestation.o
                0x00003270                main
 .text.__vector_18
                0x00003a00       0x72 uart.o
                0x00003a00                __vector_18
 .text.uart_init
                0x00003a72       0x2e uart.o
                0x00003a72                uart_init
 .text.uart_putc
                0x00003aa0       0x10 uart.o
                0x00003aa0                uart_putc
 .text.uart_putstr
                0x00003ab0       0x1c uart.o
                0x00003ab0                uart_putstr
 .text.uart_putstr_P
                0x00003acc       0x20 uart.o
                0x00003acc                uart_putstr_P
 .text.print_signed
                0x00003aec       0x58 uart.o
                0x00003aec                print_signed
 .text.print_bytearray
                0x00003b44       0x70 uart.o
                0x00003b44                print_bytearray
 .text.process_cmd
                0x00003bb4      0x122 uart.o
                0x00003bb4                process_cmd
 .text.process_rxbuf
                0x00003cd6      0x27c uart.o
                0x00003cd6                process_rxbuf
 .text.hex_to_byte
                0x00003f52       0x34 util.o
                0x00003f52                hex_to_byte
 .text.hex_to_uint8
                0x00003f86       0x26 util.o
                0x00003f86                hex_to_uint8
 .text.getBuf32
                0x00003fac       0x24 util.o
                0x00003fac                getBuf32
 .text.crc32    0x00003fd0       0xa2 util.o
                0x00003fd0                crc32
 .text.__vector_21
                0x00004072       0x2c util.o
                0x00004072                __vector_21
 .text.util_init
                0x0000409e        0x4 util.o
                0x0000409e                util_init
 .text.led_blink
                0x000040a2      0x19e util.o
                0x000040a2                led_blink
 .text.signal_error_state
                0x00004240        0xe util.o
                0x00004240                signal_error_state
 .text.rfm12_send_bufx
                0x0000424e       0x3c util.o
                0x0000424e                rfm12_send_bufx
 .text.__limitUIntValue32
                0x0000428a       0x50 util.o
                0x0000428a                __limitUIntValue32
 .text.__limitIntValue32
                0x000042da       0x50 util.o
                0x000042da                __limitIntValue32
 .text.__clear_bits
                0x0000432a       0x32 util.o
                0x0000432a                __clear_bits
 .text.__get_bits
                0x0000435c       0x3a util.o
                0x0000435c                __get_bits
 .text.__eeprom_read_UIntValue32
                0x00004396      0x142 util.o
                0x00004396                __eeprom_read_UIntValue32
 .text.__eeprom_write_bits
                0x000044d8       0x94 util.o
                0x000044d8                __eeprom_write_bits
 .text._eeprom_read_UIntValue32
                0x0000456c       0x8a util.o
                0x0000456c                _eeprom_read_UIntValue32
 .text.check_eeprom_compatibility
                0x000045f6       0x50 util.o
                0x000045f6                check_eeprom_compatibility
 .text._eeprom_read_IntValue32
                0x00004646       0xc4 util.o
                0x00004646                _eeprom_read_IntValue32
 .text._eeprom_write_UIntValue
                0x0000470a       0xee util.o
                0x0000470a                _eeprom_write_UIntValue
 .text.inc_packetcounter
                0x000047f8       0x6c util.o
                0x000047f8                inc_packetcounter
 .text.avr-libc.fplib
                0x00004864        0x8 d:/programme/atmel/atmel toolchain/avr8 gcc/native/3.4.1056/avr8-gnu-toolchain/bin/../lib/gcc/avr/4.8.1/../../../../avr/lib/avr5\libm.a(cmpsf2.o)
                0x00004864                __nesf2
                0x00004864                __eqsf2
                0x00004864                __cmpsf2
                0x00004864                __ltsf2
                0x00004864                __lesf2
 .text.avr-libc.fplib
                0x0000486c       0x58 d:/programme/atmel/atmel toolchain/avr8 gcc/native/3.4.1056/avr8-gnu-toolchain/bin/../lib/gcc/avr/4.8.1/../../../../avr/lib/avr5\libm.a(fixunssfsi.o)
                0x0000486c                __fixunssfsi
 .text.avr-libc.fplib
                0x000048c4       0x7a d:/programme/atmel/atmel toolchain/avr8 gcc/native/3.4.1056/avr8-gnu-toolchain/bin/../lib/gcc/avr/4.8.1/../../../../avr/lib/avr5\libm.a(floatsisf.o)
                0x000048c4                __floatunsisf
                0x000048c8                __floatsisf
 .text.avr-libc.fplib
                0x0000493e       0x48 d:/programme/atmel/atmel toolchain/avr8 gcc/native/3.4.1056/avr8-gnu-toolchain/bin/../lib/gcc/avr/4.8.1/../../../../avr/lib/avr5\libm.a(fp_cmp.o)
                0x0000493e                __fp_cmp
 .text.avr-libc.fplib
                0x00004986        0xc d:/programme/atmel/atmel toolchain/avr8 gcc/native/3.4.1056/avr8-gnu-toolchain/bin/../lib/gcc/avr/4.8.1/../../../../avr/lib/avr5\libm.a(fp_inf.o)
                0x00004986                __fp_inf
 .text.avr-libc.fplib
                0x00004992        0x6 d:/programme/atmel/atmel toolchain/avr8 gcc/native/3.4.1056/avr8-gnu-toolchain/bin/../lib/gcc/avr/4.8.1/../../../../avr/lib/avr5\libm.a(fp_nan.o)
                0x00004992                __fp_nan
 .text.avr-libc.fplib
                0x00004998        0xe d:/programme/atmel/atmel toolchain/avr8 gcc/native/3.4.1056/avr8-gnu-toolchain/bin/../lib/gcc/avr/4.8.1/../../../../avr/lib/avr5\libm.a(fp_pscA.o)
                0x00004998                __fp_pscA
 .text.avr-libc.fplib
                0x000049a6        0xe d:/programme/atmel/atmel toolchain/avr8 gcc/native/3.4.1056/avr8-gnu-toolchain/bin/../lib/gcc/avr/4.8.1/../../../../avr/lib/avr5\libm.a(fp_pscB.o)
                0x000049a6                __fp_pscB
 .text.avr-libc.fplib
                0x000049b4       0x22 d:/programme/atmel/atmel toolchain/avr8 gcc/native/3.4.1056/avr8-gnu-toolchain/bin/../lib/gcc/avr/4.8.1/../../../../avr/lib/avr5\libm.a(fp_round.o)
                0x000049b4                __fp_round
 .text.avr-libc.fplib
                0x000049d6       0x44 d:/programme/atmel/atmel toolchain/avr8 gcc/native/3.4.1056/avr8-gnu-toolchain/bin/../lib/gcc/avr/4.8.1/../../../../avr/lib/avr5\libm.a(fp_split3.o)
                0x000049d6                __fp_split3
                0x000049e6                __fp_splitA
 .text.avr-libc.fplib
                0x00004a1a        0xe d:/programme/atmel/atmel toolchain/avr8 gcc/native/3.4.1056/avr8-gnu-toolchain/bin/../lib/gcc/avr/4.8.1/../../../../avr/lib/avr5\libm.a(fp_zero.o)
                0x00004a1a                __fp_zero
                0x00004a1c                __fp_szero
 .text.avr-libc.fplib
                0x00004a28        0x8 d:/programme/atmel/atmel toolchain/avr8 gcc/native/3.4.1056/avr8-gnu-toolchain/bin/../lib/gcc/avr/4.8.1/../../../../avr/lib/avr5\libm.a(gesf2.o)
                0x00004a28                __gesf2
                0x00004a28                __gtsf2
 .text.avr-libc.fplib
                0x00004a30        0x4 d:/programme/atmel/atmel toolchain/avr8 gcc/native/3.4.1056/avr8-gnu-toolchain/bin/../lib/gcc/avr/4.8.1/../../../../avr/lib/avr5\libm.a(mulsf3.o)
                0x00004a30                __mulsf3
 .text.avr-libc.fplib
                0x00004a34       0xc2 d:/programme/atmel/atmel toolchain/avr8 gcc/native/3.4.1056/avr8-gnu-toolchain/bin/../lib/gcc/avr/4.8.1/../../../../avr/lib/avr5\libm.a(mulsf3x.o)
                0x00004a48                __mulsf3x
                0x00004a4c                __mulsf3_pse
 .text.aes256_encrypt_cbc
                0x00004af6       0x90 ../../src_common/Release\libcrypto.a(aes256.o)
                0x00004af6                aes256_encrypt_cbc
 .text.aes256_decrypt_cbc
                0x00004b86       0x80 ../../src_common/Release\libcrypto.a(aes256.o)
                0x00004b86                aes256_decrypt_cbc
 .text.libgcc.div
                0x00004c06       0x28 d:/programme/atmel/atmel toolchain/avr8 gcc/native/3.4.1056/avr8-gnu-toolchain/bin/../lib/gcc/avr/4.8.1/avr5\libgcc.a(_udivmodhi4.o)
                0x00004c06                __udivmodhi4
 .text.libgcc.div
                0x00004c2e       0x26 d:/programme/atmel/atmel toolchain/avr8 gcc/native/3.4.1056/avr8-gnu-toolchain/bin/../lib/gcc/avr/4.8.1/avr5\libgcc.a(_divmodhi4.o)
                0x00004c2e                _div
                0x00004c2e                __divmodhi4
 .text.libgcc.div
                0x00004c54       0x44 d:/programme/atmel/atmel toolchain/avr8 gcc/native/3.4.1056/avr8-gnu-toolchain/bin/../lib/gcc/avr/4.8.1/avr5\libgcc.a(_udivmodsi4.o)
                0x00004c54                __udivmodsi4
 .text.libgcc.mul
                0x00004c98       0x1e d:/programme/atmel/atmel toolchain/avr8 gcc/native/3.4.1056/avr8-gnu-toolchain/bin/../lib/gcc/avr/4.8.1/avr5\libgcc.a(_umulhisi3.o)
                0x00004c98                __umulhisi3
 .text.avr-libc
                0x00004cb6       0x12 d:/programme/atmel/atmel toolchain/avr8 gcc/native/3.4.1056/avr8-gnu-toolchain/bin/../lib/gcc/avr/4.8.1/../../../../avr/lib/avr5\libc.a(memcpy.o)
                0x00004cb6                memcpy
 .text.avr-libc
                0x00004cc8        0xe d:/programme/atmel/atmel toolchain/avr8 gcc/native/3.4.1056/avr8-gnu-toolchain/bin/../lib/gcc/avr/4.8.1/../../../../avr/lib/avr5\libc.a(memset.o)
                0x00004cc8                memset
 .text.avr-libc
                0x00004cd6       0x3e d:/programme/atmel/atmel toolchain/avr8 gcc/native/3.4.1056/avr8-gnu-toolchain/bin/../lib/gcc/avr/4.8.1/../../../../avr/lib/avr5\libc.a(sprintf_p.o)
                0x00004cd6                sprintf_P
 .text.avr-libc
                0x00004d14      0x386 d:/programme/atmel/atmel toolchain/avr8 gcc/native/3.4.1056/avr8-gnu-toolchain/bin/../lib/gcc/avr/4.8.1/../../../../avr/lib/avr5\libc.a(vfprintf_std.o)
                0x00004d14                vfprintf
 .text.avr-libc
                0x0000509a       0x20 d:/programme/atmel/atmel toolchain/avr8 gcc/native/3.4.1056/avr8-gnu-toolchain/bin/../lib/gcc/avr/4.8.1/../../../../avr/lib/avr5\libc.a(eerd_block_atmega328.o)
                0x0000509a                __eerd_block_m328
                0x0000509e                __eerd_blraw_m328
 .text.avr-libc
                0x000050ba       0x10 d:/programme/atmel/atmel toolchain/avr8 gcc/native/3.4.1056/avr8-gnu-toolchain/bin/../lib/gcc/avr/4.8.1/../../../../avr/lib/avr5\libc.a(eerd_byte_atmega328.o)
                0x000050ba                __eerd_byte_m328
 .text.avr-libc
                0x000050ca       0x1c d:/programme/atmel/atmel toolchain/avr8 gcc/native/3.4.1056/avr8-gnu-toolchain/bin/../lib/gcc/avr/4.8.1/../../../../avr/lib/avr5\libc.a(eewr_byte_atmega328.o)
                0x000050ca                __eewr_byte_m328
                0x000050cc                __eewr_r18_m328
 .text.avr-libc
                0x000050e6       0x16 d:/programme/atmel/atmel toolchain/avr8 gcc/native/3.4.1056/avr8-gnu-toolchain/bin/../lib/gcc/avr/4.8.1/../../../../avr/lib/avr5\libc.a(strnlen_P.o)
                0x000050e6                strnlen_P
 .text.avr-libc
                0x000050fc       0x16 d:/programme/atmel/atmel toolchain/avr8 gcc/native/3.4.1056/avr8-gnu-toolchain/bin/../lib/gcc/avr/4.8.1/../../../../avr/lib/avr5\libc.a(strnlen.o)
                0x000050fc                strnlen
 .text.avr-libc
                0x00005112       0x64 d:/programme/atmel/atmel toolchain/avr8 gcc/native/3.4.1056/avr8-gnu-toolchain/bin/../lib/gcc/avr/4.8.1/../../../../avr/lib/avr5\libc.a(fputc.o)
                0x00005112                fputc
 .text.avr-libc
                0x00005176       0xbc d:/programme/atmel/atmel toolchain/avr8 gcc/native/3.4.1056/avr8-gnu-toolchain/bin/../lib/gcc/avr/4.8.1/../../../../avr/lib/avr5\libc.a(ultoa_invert.o)
                0x00005176                __ultoa_invert
 .text.libgcc.prologue
                0x00005232       0x38 d:/programme/atmel/atmel toolchain/avr8 gcc/native/3.4.1056/avr8-gnu-toolchain/bin/../lib/gcc/avr/4.8.1/avr5\libgcc.a(_prologue.o)
                0x00005232                __prologue_saves__
 .text.libgcc.prologue
                0x0000526a       0x36 d:/programme/atmel/atmel toolchain/avr8 gcc/native/3.4.1056/avr8-gnu-toolchain/bin/../lib/gcc/avr/4.8.1/avr5\libgcc.a(_epilogue.o)
                0x0000526a                __epilogue_restores__
                0x000052a0                . = ALIGN (0x2)
 *(.fini9)
 .fini9         0x000052a0        0x0 d:/programme/atmel/atmel toolchain/avr8 gcc/native/3.4.1056/avr8-gnu-toolchain/bin/../lib/gcc/avr/4.8.1/avr5\libgcc.a(_exit.o)
                0x000052a0                _exit
                0x000052a0                exit
 *(.fini9)
 *(.fini8)
 *(.fini8)
 *(.fini7)
 *(.fini7)
 *(.fini6)
 *(.fini6)
 *(.fini5)
 *(.fini5)
 *(.fini4)
 *(.fini4)
 *(.fini3)
 *(.fini3)
 *(.fini2)
 *(.fini2)
 *(.fini1)
 *(.fini1)
 *(.fini0)
 .fini0         0x000052a0        0x4 d:/programme/atmel/atmel toolchain/avr8 gcc/native/3.4.1056/avr8-gnu-toolchain/bin/../lib/gcc/avr/4.8.1/avr5\libgcc.a(_exit.o)
 *(.fini0)
                0x000052a4                _etext = .

.data           0x00800100       0x16 load address 0x000052a4
                0x00800100                PROVIDE (__data_start, .)
 *(.data)
 .data          0x00800100        0x0 d:/programme/atmel/atmel toolchain/avr8 gcc/native/3.4.1056/avr8-gnu-toolchain/bin/../lib/gcc/avr/4.8.1/../../../../avr/lib/avr5/crtm328.o
 .data          0x00800100        0x0 request_buffer.o
 .data          0x00800100        0x0 rfm12.o
 .data          0x00800100        0x0 shc_basestation.o
 .data          0x00800100        0x0 uart.o
 .data          0x00800100        0x0 util.o
 .data          0x00800100        0x0 d:/programme/atmel/atmel toolchain/avr8 gcc/native/3.4.1056/avr8-gnu-toolchain/bin/../lib/gcc/avr/4.8.1/../../../../avr/lib/avr5\libm.a(addsf3.o)
 .data          0x00800100        0x0 d:/programme/atmel/atmel toolchain/avr8 gcc/native/3.4.1056/avr8-gnu-toolchain/bin/../lib/gcc/avr/4.8.1/../../../../avr/lib/avr5\libm.a(addsf3x.o)
 .data          0x00800100        0x0 d:/programme/atmel/atmel toolchain/avr8 gcc/native/3.4.1056/avr8-gnu-toolchain/bin/../lib/gcc/avr/4.8.1/../../../../avr/lib/avr5\libm.a(cmpsf2.o)
 .data          0x00800100        0x0 d:/programme/atmel/atmel toolchain/avr8 gcc/native/3.4.1056/avr8-gnu-toolchain/bin/../lib/gcc/avr/4.8.1/../../../../avr/lib/avr5\libm.a(divsf3.o)
 .data          0x00800100        0x0 d:/programme/atmel/atmel toolchain/avr8 gcc/native/3.4.1056/avr8-gnu-toolchain/bin/../lib/gcc/avr/4.8.1/../../../../avr/lib/avr5\libm.a(divsf3x.o)
 .data          0x00800100        0x0 d:/programme/atmel/atmel toolchain/avr8 gcc/native/3.4.1056/avr8-gnu-toolchain/bin/../lib/gcc/avr/4.8.1/../../../../avr/lib/avr5\libm.a(fixunssfsi.o)
 .data          0x00800100        0x0 d:/programme/atmel/atmel toolchain/avr8 gcc/native/3.4.1056/avr8-gnu-toolchain/bin/../lib/gcc/avr/4.8.1/../../../../avr/lib/avr5\libm.a(floatsisf.o)
 .data          0x00800100        0x0 d:/programme/atmel/atmel toolchain/avr8 gcc/native/3.4.1056/avr8-gnu-toolchain/bin/../lib/gcc/avr/4.8.1/../../../../avr/lib/avr5\libm.a(fp_cmp.o)
 .data          0x00800100        0x0 d:/programme/atmel/atmel toolchain/avr8 gcc/native/3.4.1056/avr8-gnu-toolchain/bin/../lib/gcc/avr/4.8.1/../../../../avr/lib/avr5\libm.a(fp_inf.o)
 .data          0x00800100        0x0 d:/programme/atmel/atmel toolchain/avr8 gcc/native/3.4.1056/avr8-gnu-toolchain/bin/../lib/gcc/avr/4.8.1/../../../../avr/lib/avr5\libm.a(fp_nan.o)
 .data          0x00800100        0x0 d:/programme/atmel/atmel toolchain/avr8 gcc/native/3.4.1056/avr8-gnu-toolchain/bin/../lib/gcc/avr/4.8.1/../../../../avr/lib/avr5\libm.a(fp_pscA.o)
 .data          0x00800100        0x0 d:/programme/atmel/atmel toolchain/avr8 gcc/native/3.4.1056/avr8-gnu-toolchain/bin/../lib/gcc/avr/4.8.1/../../../../avr/lib/avr5\libm.a(fp_pscB.o)
 .data          0x00800100        0x0 d:/programme/atmel/atmel toolchain/avr8 gcc/native/3.4.1056/avr8-gnu-toolchain/bin/../lib/gcc/avr/4.8.1/../../../../avr/lib/avr5\libm.a(fp_round.o)
 .data          0x00800100        0x0 d:/programme/atmel/atmel toolchain/avr8 gcc/native/3.4.1056/avr8-gnu-toolchain/bin/../lib/gcc/avr/4.8.1/../../../../avr/lib/avr5\libm.a(fp_split3.o)
 .data          0x00800100        0x0 d:/programme/atmel/atmel toolchain/avr8 gcc/native/3.4.1056/avr8-gnu-toolchain/bin/../lib/gcc/avr/4.8.1/../../../../avr/lib/avr5\libm.a(fp_zero.o)
 .data          0x00800100        0x0 d:/programme/atmel/atmel toolchain/avr8 gcc/native/3.4.1056/avr8-gnu-toolchain/bin/../lib/gcc/avr/4.8.1/../../../../avr/lib/avr5\libm.a(gesf2.o)
 .data          0x00800100        0x0 d:/programme/atmel/atmel toolchain/avr8 gcc/native/3.4.1056/avr8-gnu-toolchain/bin/../lib/gcc/avr/4.8.1/../../../../avr/lib/avr5\libm.a(mulsf3.o)
 .data          0x00800100        0x0 d:/programme/atmel/atmel toolchain/avr8 gcc/native/3.4.1056/avr8-gnu-toolchain/bin/../lib/gcc/avr/4.8.1/../../../../avr/lib/avr5\libm.a(mulsf3x.o)
 .data          0x00800100        0x0 ../../src_common/Release\libcrypto.a(aes256.o)
 .data          0x00800100        0x0 ../../src_common/Release\libcrypto.a(aes_dec-asm_faster.o)
 .data          0x00800100        0x0 ../../src_common/Release\libcrypto.a(aes_enc-asm.o)
 .data          0x00800100        0x0 ../../src_common/Release\libcrypto.a(aes_invsbox-asm.o)
 .data          0x00800100        0x0 ../../src_common/Release\libcrypto.a(aes_keyschedule-asm.o)
 .data          0x00800100        0x0 ../../src_common/Release\libcrypto.a(aes_sbox-asm.o)
 .data          0x00800100        0x0 d:/programme/atmel/atmel toolchain/avr8 gcc/native/3.4.1056/avr8-gnu-toolchain/bin/../lib/gcc/avr/4.8.1/avr5\libgcc.a(_mulsi3.o)
 .data          0x00800100        0x0 d:/programme/atmel/atmel toolchain/avr8 gcc/native/3.4.1056/avr8-gnu-toolchain/bin/../lib/gcc/avr/4.8.1/avr5\libgcc.a(_udivmodhi4.o)
 .data          0x00800100        0x0 d:/programme/atmel/atmel toolchain/avr8 gcc/native/3.4.1056/avr8-gnu-toolchain/bin/../lib/gcc/avr/4.8.1/avr5\libgcc.a(_divmodhi4.o)
 .data          0x00800100        0x0 d:/programme/atmel/atmel toolchain/avr8 gcc/native/3.4.1056/avr8-gnu-toolchain/bin/../lib/gcc/avr/4.8.1/avr5\libgcc.a(_udivmodsi4.o)
 .data          0x00800100        0x0 d:/programme/atmel/atmel toolchain/avr8 gcc/native/3.4.1056/avr8-gnu-toolchain/bin/../lib/gcc/avr/4.8.1/avr5\libgcc.a(_exit.o)
 .data          0x00800100        0x0 d:/programme/atmel/atmel toolchain/avr8 gcc/native/3.4.1056/avr8-gnu-toolchain/bin/../lib/gcc/avr/4.8.1/avr5\libgcc.a(_copy_data.o)
 .data          0x00800100        0x0 d:/programme/atmel/atmel toolchain/avr8 gcc/native/3.4.1056/avr8-gnu-toolchain/bin/../lib/gcc/avr/4.8.1/avr5\libgcc.a(_clear_bss.o)
 .data          0x00800100        0x0 d:/programme/atmel/atmel toolchain/avr8 gcc/native/3.4.1056/avr8-gnu-toolchain/bin/../lib/gcc/avr/4.8.1/avr5\libgcc.a(_umulhisi3.o)
 .data          0x00800100        0x0 d:/programme/atmel/atmel toolchain/avr8 gcc/native/3.4.1056/avr8-gnu-toolchain/bin/../lib/gcc/avr/4.8.1/avr5\libgcc.a(_muluhisi3.o)
 .data          0x00800100        0x0 d:/programme/atmel/atmel toolchain/avr8 gcc/native/3.4.1056/avr8-gnu-toolchain/bin/../lib/gcc/avr/4.8.1/../../../../avr/lib/avr5\libc.a(memcpy.o)
 .data          0x00800100        0x0 d:/programme/atmel/atmel toolchain/avr8 gcc/native/3.4.1056/avr8-gnu-toolchain/bin/../lib/gcc/avr/4.8.1/../../../../avr/lib/avr5\libc.a(memset.o)
 .data          0x00800100        0x0 d:/programme/atmel/atmel toolchain/avr8 gcc/native/3.4.1056/avr8-gnu-toolchain/bin/../lib/gcc/avr/4.8.1/../../../../avr/lib/avr5\libc.a(sprintf_p.o)
 .data          0x00800100        0x0 d:/programme/atmel/atmel toolchain/avr8 gcc/native/3.4.1056/avr8-gnu-toolchain/bin/../lib/gcc/avr/4.8.1/../../../../avr/lib/avr5\libc.a(vfprintf_std.o)
 .data          0x00800100        0x0 d:/programme/atmel/atmel toolchain/avr8 gcc/native/3.4.1056/avr8-gnu-toolchain/bin/../lib/gcc/avr/4.8.1/../../../../avr/lib/avr5\libc.a(eerd_block_atmega328.o)
 .data          0x00800100        0x0 d:/programme/atmel/atmel toolchain/avr8 gcc/native/3.4.1056/avr8-gnu-toolchain/bin/../lib/gcc/avr/4.8.1/../../../../avr/lib/avr5\libc.a(eerd_byte_atmega328.o)
 .data          0x00800100        0x0 d:/programme/atmel/atmel toolchain/avr8 gcc/native/3.4.1056/avr8-gnu-toolchain/bin/../lib/gcc/avr/4.8.1/../../../../avr/lib/avr5\libc.a(eewr_byte_atmega328.o)
 .data          0x00800100        0x0 d:/programme/atmel/atmel toolchain/avr8 gcc/native/3.4.1056/avr8-gnu-toolchain/bin/../lib/gcc/avr/4.8.1/../../../../avr/lib/avr5\libc.a(strnlen_P.o)
 .data          0x00800100        0x0 d:/programme/atmel/atmel toolchain/avr8 gcc/native/3.4.1056/avr8-gnu-toolchain/bin/../lib/gcc/avr/4.8.1/../../../../avr/lib/avr5\libc.a(strnlen.o)
 .data          0x00800100        0x0 d:/programme/atmel/atmel toolchain/avr8 gcc/native/3.4.1056/avr8-gnu-toolchain/bin/../lib/gcc/avr/4.8.1/../../../../avr/lib/avr5\libc.a(fputc.o)
 .data          0x00800100        0x0 d:/programme/atmel/atmel toolchain/avr8 gcc/native/3.4.1056/avr8-gnu-toolchain/bin/../lib/gcc/avr/4.8.1/../../../../avr/lib/avr5\libc.a(ultoa_invert.o)
 .data          0x00800100        0x0 d:/programme/atmel/atmel toolchain/avr8 gcc/native/3.4.1056/avr8-gnu-toolchain/bin/../lib/gcc/avr/4.8.1/avr5\libgcc.a(_prologue.o)
 .data          0x00800100        0x0 d:/programme/atmel/atmel toolchain/avr8 gcc/native/3.4.1056/avr8-gnu-toolchain/bin/../lib/gcc/avr/4.8.1/avr5\libgcc.a(_epilogue.o)
 *(.data*)
 .data.channel_free_count.1707
                0x00800100        0x1 rfm12.o
 *(.rodata)
 *(.rodata*)
 .rodata.str1.1
                0x00800101       0x15 uart.o
 *(.gnu.linkonce.d*)
                0x00800116                . = ALIGN (0x2)
                0x00800116                _edata = .
                0x00800116                PROVIDE (__data_end, .)

.bss            0x00800116      0x3f3
                0x00800116                PROVIDE (__bss_start, .)
 *(.bss)
 *(.bss*)
 .bss.checksum.1696
                0x00800116        0x1 rfm12.o
 .bss.send_data_avail
                0x00800117        0x1 uart.o
                0x00800117                send_data_avail
 .bss.bytes_pos
                0x00800118        0x1 uart.o
                0x00800118                bytes_pos
 .bss.bytes_to_read
                0x00800119        0x1 uart.o
                0x00800119                bytes_to_read
 .bss.enable_write_eeprom
                0x0080011a        0x1 uart.o
                0x0080011a                enable_write_eeprom
 .bss.uart_timeout
                0x0080011b        0x1 uart.o
                0x0080011b                uart_timeout
 .bss.rxbuf_count
                0x0080011c        0x1 uart.o
                0x0080011c                rxbuf_count
 .bss.rxbuf_startpos
                0x0080011d        0x1 uart.o
                0x0080011d                rxbuf_startpos
 .bss.adc_data  0x0080011e        0x2 util.o
 .bss.reg32     0x00800120        0x4 util.o
 *(COMMON)
 COMMON         0x00800124      0x170 request_buffer.o
                0x00800124                request_buffer
                0x00800224                request_queue
                0x0080024c                __PACKETSIZEBYTES
                0x0080024d                packetcounter
                0x00800251                __HEADEROFFSETBITS
                0x00800252                __MESSAGETYPE
                0x00800253                bufx
 COMMON         0x00800294       0xad rfm12.o
                0x00800294                ctrl
                0x0080029e                rf_rx_buffers
                0x0080030a                rf_tx_buffer
 COMMON         0x00800341        0x3 shc_basestation.o
                0x00800341                aes_key_count
                0x00800342                device_id
 COMMON         0x00800344       0xb5 uart.o
                0x00800344                rxbuf
                0x00800380                cmdbuf
                0x008003b8                uartbuf
 COMMON         0x008003f9      0x110 ../../src_common/Release\libcrypto.a(aes256.o)
                0x008003f9                aes_key
                0x00800419                aes_ctx
                0x00800509                PROVIDE (__bss_end, .)
                0x000052a4                __data_load_start = LOADADDR (.data)
                0x000052ba                __data_load_end = (__data_load_start + SIZEOF (.data))

.noinit         0x00800509        0x0
                0x00800509                PROVIDE (__noinit_start, .)
 *(.noinit*)
                0x00800509                PROVIDE (__noinit_end, .)
                0x00800509                _end = .
                0x00800509                PROVIDE (__heap_start, .)

.eeprom         0x00810000        0x0
 *(.eeprom*)
                0x00810000                __eeprom_end = .

.fuse
 *(.fuse)
 *(.lfuse)
 *(.hfuse)
 *(.efuse)

.lock
 *(.lock*)

.signature
 *(.signature*)

.user_signatures
 *(.user_signatures*)

.stab
 *(.stab)

.stabstr
 *(.stabstr)

.stab.excl
 *(.stab.excl)

.stab.exclstr
 *(.stab.exclstr)

.stab.index
 *(.stab.index)

.stab.indexstr
 *(.stab.indexstr)

.comment        0x00000000       0x5c
 *(.comment)
 .comment       0x00000000       0x30 request_buffer.o
                                 0x31 (size before relaxing)
 .comment       0x00000000       0x31 rfm12.o
 .comment       0x00000000       0x31 shc_basestation.o
 .comment       0x00000000       0x31 uart.o
 .comment       0x00000000       0x31 util.o
 .comment       0x00000000       0x31 ../../src_common/Release\libcrypto.a(aes256.o)
 .comment       0x00000000       0x31 d:/programme/atmel/atmel toolchain/avr8 gcc/native/3.4.1056/avr8-gnu-toolchain/bin/../lib/gcc/avr/4.8.1/../../../../avr/lib/avr5\libc.a(sprintf_p.o)
 .comment       0x00000030       0x2c d:/programme/atmel/atmel toolchain/avr8 gcc/native/3.4.1056/avr8-gnu-toolchain/bin/../lib/gcc/avr/4.8.1/../../../../avr/lib/avr5\libc.a(vfprintf_std.o)
                                 0x2d (size before relaxing)
 .comment       0x00000000       0x31 d:/programme/atmel/atmel toolchain/avr8 gcc/native/3.4.1056/avr8-gnu-toolchain/bin/../lib/gcc/avr/4.8.1/../../../../avr/lib/avr5\libc.a(fputc.o)

.note.gnu.build-id
 *(.note.gnu.build-id)

.debug
 *(.debug)

.line
 *(.line)

.debug_srcinfo
 *(.debug_srcinfo)

.debug_sfnames
 *(.debug_sfnames)

.debug_aranges  0x00000000      0x2f0
 *(.debug_aranges)
 .debug_aranges
                0x00000000       0x40 request_buffer.o
 .debug_aranges
                0x00000040       0x78 rfm12.o
 .debug_aranges
                0x000000b8       0x50 shc_basestation.o
 .debug_aranges
                0x00000108       0x60 uart.o
 .debug_aranges
                0x00000168      0x128 util.o
 .debug_aranges
                0x00000290       0x20 ../../src_common/Release\libcrypto.a(aes_dec-asm_faster.o)
 .debug_aranges
                0x000002b0       0x20 ../../src_common/Release\libcrypto.a(aes_enc-asm.o)
 .debug_aranges
                0x000002d0       0x20 ../../src_common/Release\libcrypto.a(aes_keyschedule-asm.o)

.debug_pubnames
 *(.debug_pubnames)

.debug_info     0x00000000     0x6d75
 *(.debug_info .gnu.linkonce.wi.*)
 .debug_info    0x00000000      0x8af request_buffer.o
 .debug_info    0x000008af      0x778 rfm12.o
 .debug_info    0x00001027     0x4172 shc_basestation.o
 .debug_info    0x00005199      0x45d uart.o
 .debug_info    0x000055f6     0x159c util.o
 .debug_info    0x00006b92       0xa3 ../../src_common/Release\libcrypto.a(aes_dec-asm_faster.o)
 .debug_info    0x00006c35       0x9c ../../src_common/Release\libcrypto.a(aes_enc-asm.o)
 .debug_info    0x00006cd1       0xa4 ../../src_common/Release\libcrypto.a(aes_keyschedule-asm.o)

.debug_abbrev   0x00000000      0xeaf
 *(.debug_abbrev)
 .debug_abbrev  0x00000000      0x28a request_buffer.o
 .debug_abbrev  0x0000028a      0x27a rfm12.o
 .debug_abbrev  0x00000504      0x3e4 shc_basestation.o
 .debug_abbrev  0x000008e8      0x1bf uart.o
 .debug_abbrev  0x00000aa7      0x3cc util.o
 .debug_abbrev  0x00000e73       0x14 ../../src_common/Release\libcrypto.a(aes_dec-asm_faster.o)
 .debug_abbrev  0x00000e87       0x14 ../../src_common/Release\libcrypto.a(aes_enc-asm.o)
 .debug_abbrev  0x00000e9b       0x14 ../../src_common/Release\libcrypto.a(aes_keyschedule-asm.o)

.debug_line     0x00000000     0x323b
 *(.debug_line .debug_line.* .debug_line_end)
 .debug_line    0x00000000      0x6ff request_buffer.o
 .debug_line    0x000006ff      0x702 rfm12.o
 .debug_line    0x00000e01      0xe09 shc_basestation.o
 .debug_line    0x00001c0a      0x6a6 uart.o
 .debug_line    0x000022b0      0xc8b util.o
 .debug_line    0x00002f3b      0x13d ../../src_common/Release\libcrypto.a(aes_dec-asm_faster.o)
 .debug_line    0x00003078      0x108 ../../src_common/Release\libcrypto.a(aes_enc-asm.o)
 .debug_line    0x00003180       0xbb ../../src_common/Release\libcrypto.a(aes_keyschedule-asm.o)

.debug_frame    0x00000000      0xc5c
 *(.debug_frame)
 .debug_frame   0x00000000      0x188 request_buffer.o
 .debug_frame   0x00000188      0x128 rfm12.o
 .debug_frame   0x000002b0      0x170 shc_basestation.o
 .debug_frame   0x00000420      0x230 uart.o
 .debug_frame   0x00000650      0x60c util.o

.debug_str      0x00000000     0xbfc1
 *(.debug_str)
 .debug_str     0x00000000     0x8b7a request_buffer.o
                               0x8da9 (size before relaxing)
 .debug_str     0x00008b7a     0x1702 rfm12.o
                               0x7ea9 (size before relaxing)
 .debug_str     0x0000a27c     0x138c shc_basestation.o
                               0xa8e5 (size before relaxing)
 .debug_str     0x0000b608      0x215 uart.o
                               0x8f4e (size before relaxing)
 .debug_str     0x0000b81d      0x7a4 util.o
                               0xa030 (size before relaxing)

.debug_loc      0x00000000     0x50e3
 *(.debug_loc)
 .debug_loc     0x00000000      0xabd request_buffer.o
 .debug_loc     0x00000abd      0x296 rfm12.o
 .debug_loc     0x00000d53     0x1e0d shc_basestation.o
 .debug_loc     0x00002b60      0x6fe uart.o
 .debug_loc     0x0000325e     0x1e85 util.o

.debug_macinfo
 *(.debug_macinfo)

.debug_weaknames
 *(.debug_weaknames)

.debug_funcnames
 *(.debug_funcnames)

.debug_typenames
 *(.debug_typenames)

.debug_varnames
 *(.debug_varnames)

.debug_pubtypes
 *(.debug_pubtypes)

.debug_ranges   0x00000000      0x378
 *(.debug_ranges)
 .debug_ranges  0x00000000       0x60 request_buffer.o
 .debug_ranges  0x00000060       0x68 rfm12.o
 .debug_ranges  0x000000c8       0xd0 shc_basestation.o
 .debug_ranges  0x00000198       0x68 uart.o
 .debug_ranges  0x00000200      0x178 util.o

.debug_macro    0x00000000     0x43e6
 *(.debug_macro)
 .debug_macro   0x00000000      0x1ba request_buffer.o
 .debug_macro   0x000001ba      0xa42 request_buffer.o
 .debug_macro   0x00000bfc      0x1ad request_buffer.o
 .debug_macro   0x00000da9       0x22 request_buffer.o
 .debug_macro   0x00000dcb       0x3a request_buffer.o
 .debug_macro   0x00000e05      0x299 request_buffer.o
 .debug_macro   0x0000109e       0x58 request_buffer.o
 .debug_macro   0x000010f6       0x10 request_buffer.o
 .debug_macro   0x00001106       0x97 request_buffer.o
 .debug_macro   0x0000119d       0xeb request_buffer.o
 .debug_macro   0x00001288       0x10 request_buffer.o
 .debug_macro   0x00001298       0x12 request_buffer.o
 .debug_macro   0x000012aa       0xaa request_buffer.o
 .debug_macro   0x00001354     0x13a7 request_buffer.o
 .debug_macro   0x000026fb      0x13a request_buffer.o
 .debug_macro   0x00002835       0xbd request_buffer.o
 .debug_macro   0x000028f2       0x34 request_buffer.o
 .debug_macro   0x00002926       0x18 request_buffer.o
 .debug_macro   0x0000293e       0x6c request_buffer.o
 .debug_macro   0x000029aa       0xee request_buffer.o
 .debug_macro   0x00002a98       0x34 request_buffer.o
 .debug_macro   0x00002acc       0x10 request_buffer.o
 .debug_macro   0x00002adc       0x88 request_buffer.o
 .debug_macro   0x00002b64       0xef request_buffer.o
 .debug_macro   0x00002c53       0x35 request_buffer.o
 .debug_macro   0x00002c88       0x16 request_buffer.o
 .debug_macro   0x00002c9e       0x16 request_buffer.o
 .debug_macro   0x00002cb4       0x35 request_buffer.o
 .debug_macro   0x00002ce9       0xfa rfm12.o
 .debug_macro   0x00002de3       0xd5 rfm12.o
 .debug_macro   0x00002eb8       0x10 rfm12.o
 .debug_macro   0x00002ec8      0x293 rfm12.o
 .debug_macro   0x0000315b       0x9e rfm12.o
 .debug_macro   0x000031f9       0x69 rfm12.o
 .debug_macro   0x00003262       0x16 rfm12.o
 .debug_macro   0x00003278      0x2df rfm12.o
 .debug_macro   0x00003557       0xcc rfm12.o
 .debug_macro   0x00003623       0x2e rfm12.o
 .debug_macro   0x00003651       0x10 rfm12.o
 .debug_macro   0x00003661      0x268 shc_basestation.o
 .debug_macro   0x000038c9       0x10 shc_basestation.o
 .debug_macro   0x000038d9      0x16d shc_basestation.o
 .debug_macro   0x00003a46       0x10 shc_basestation.o
 .debug_macro   0x00003a56       0x20 shc_basestation.o
 .debug_macro   0x00003a76       0xe2 shc_basestation.o
 .debug_macro   0x00003b58       0x40 shc_basestation.o
 .debug_macro   0x00003b98       0x1c shc_basestation.o
 .debug_macro   0x00003bb4      0x16e uart.o
 .debug_macro   0x00003d22       0x1c uart.o
 .debug_macro   0x00003d3e      0x10e uart.o
 .debug_macro   0x00003e4c       0x66 uart.o
 .debug_macro   0x00003eb2       0x7f uart.o
 .debug_macro   0x00003f31      0x1f4 util.o
 .debug_macro   0x00004125       0x97 util.o
 .debug_macro   0x000041bc       0x73 util.o
 .debug_macro   0x0000422f      0x167 util.o
 .debug_macro   0x00004396       0x3a util.o
 .debug_macro   0x000043d0       0x16 util.o
OUTPUT(shc_basestation.elf elf32-avr)
LOAD linker stubs
